// Jest Snapshot v1, https://goo.gl/fbAQLP

exports[`Страница Cart Корректный снапшот страницы с заполненной корзиной 1`] = `
<div
  className="Cart"
>
  <div
    className="row mb-4"
  >
    <div
      className="col"
    >
      <h1>
        Shopping cart
      </h1>
      <table
        className="Cart-Table table"
      >
        <thead>
          <tr>
            <th
              scope="col"
            >
              #
            </th>
            <th
              scope="col"
            >
              Product
            </th>
            <th
              scope="col"
            >
              Price
            </th>
            <th
              scope="col"
            >
              Count
            </th>
            <th
              scope="col"
            >
              Total
            </th>
          </tr>
        </thead>
        <tbody>
          <tr
            data-testid="1"
          >
            <th
              className="Cart-Index"
              scope="row"
            >
              1
            </th>
            <td
              className="Cart-Name"
            >
              product-1
            </td>
            <td
              className="Cart-Price"
            >
              $
              1000
            </td>
            <td
              className="Cart-Count"
            >
              5
            </td>
            <td
              className="Cart-Total"
            >
              $
              5000
            </td>
          </tr>
          <tr
            data-testid="2"
          >
            <th
              className="Cart-Index"
              scope="row"
            >
              2
            </th>
            <td
              className="Cart-Name"
            >
              product-2
            </td>
            <td
              className="Cart-Price"
            >
              $
              2000
            </td>
            <td
              className="Cart-Count"
            >
              1
            </td>
            <td
              className="Cart-Total"
            >
              $
              2000
            </td>
          </tr>
        </tbody>
        <tfoot>
          <tr>
            <td
              colSpan={4}
            >
              Order price:
            </td>
            <td
              className="Cart-OrderPrice"
            >
              $
              7000
            </td>
          </tr>
        </tfoot>
      </table>
    </div>
  </div>
  <div
    className="row mb-4"
  >
    <div
      className="col-6"
    >
      <button
        className="Cart-Clear btn btn-outline-secondary"
        onClick={[Function]}
      >
        Clear shopping cart
      </button>
    </div>
  </div>
  <div
    className="row"
  >
    <div
      className="col-12 col-sm-8 col-md-6 col-lg-4"
    >
      <h2>
        Сheckout
      </h2>
      <div
        className="Form"
      >
        <div
          className="mb-3"
        >
          <label
            className="form-label"
            htmlFor="f-name"
          >
            Name
          </label>
          <input
            autoComplete="off"
            className="Form-Field Form-Field_type_name form-control"
            disabled={false}
            id="f-name"
            onChange={[Function]}
            type="text"
          />
          <div
            className="invalid-feedback"
          >
            Please provide your name
          </div>
        </div>
        <div
          className="mb-3"
        >
          <label
            className="form-label"
            htmlFor="f-phone"
          >
            Phone
          </label>
          <input
            className="Form-Field Form-Field_type_phone form-control"
            disabled={false}
            id="f-phone"
            onChange={[Function]}
            type="text"
          />
          <div
            className="invalid-feedback"
          >
            Please provide a valid phone
          </div>
        </div>
        <div
          className="mb-3"
        >
          <label
            className="form-label"
            htmlFor="f-address"
          >
            Address
          </label>
          <textarea
            className="Form-Field Form-Field_type_address form-control"
            disabled={false}
            id="f-address"
            onChange={[Function]}
            rows={3}
          />
          <div
            className="invalid-feedback"
          >
            Please provide a valid address
          </div>
        </div>
        <button
          className="Form-Submit btn btn-primary"
          disabled={false}
          onClick={[Function]}
        >
          Checkout
        </button>
      </div>
    </div>
  </div>
</div>
`;

exports[`Страница Cart Корректный снапшот страницы с пустой корзиной 1`] = `
<div
  className="Cart"
>
  <div
    className="row mb-4"
  >
    <div
      className="col"
    >
      <h1>
        Shopping cart
      </h1>
      Cart is empty. Please select products in the 
      <a
        href="/catalog"
        onClick={[Function]}
      >
        catalog
      </a>
      .
    </div>
  </div>
</div>
`;
