// Jest Snapshot v1, https://goo.gl/fbAQLP

exports[`Страница Product Корректная структура страницы 1`] = `
<div
  className="Product"
>
  LOADING
</div>
`;
